../Core/Inc/mpu6050_soft.h:5:6:MPU_SDA_IN	24	static
../Core/Inc/mpu6050_soft.h:14:6:MPU_SDA_OUT	24	static
../Core/Inc/mpu6050_soft.h:25:6:MPU_IIC_SDA_WRITE	0	static
../Core/Inc/mpu6050_soft.h:29:6:MPU_IIC_SCL_WRITE	0	static
../Core/Inc/mpu6050_soft.h:33:6:MPU_AD0_CTRL_WRITE	0	static
../Core/Inc/mpu6050_soft.h:35:9:MPU_READ_SDA	0	static
../Core/Inc/mpu6050_soft.h:39:6:IIC_GPIO_INIT	0	static
../Core/Inc/mpu6050_soft.h:73:6:MPU_IIC_Delay	0	static
../Core/Inc/mpu6050_soft.h:79:6:MPU_IIC_Init	0	static
../Core/Inc/mpu6050_soft.h:94:6:MPU_IIC_Start	8	static
../Core/Inc/mpu6050_soft.h:105:6:MPU_IIC_Stop	8	static
../Core/Inc/mpu6050_soft.h:118:9:MPU_IIC_Wait_Ack	16	static
../Core/Inc/mpu6050_soft.h:137:6:MPU_IIC_Ack	8	static
../Core/Inc/mpu6050_soft.h:148:6:MPU_IIC_NAck	8	static
../Core/Inc/mpu6050_soft.h:162:6:MPU_IIC_Send_Byte	16	static
../Core/Inc/mpu6050_soft.h:178:9:MPU_IIC_Read_Byte	16	static
../Core/Inc/mpu6050_soft.h:459:9:MPU_Write_Len	24	static
../Core/Inc/mpu6050_soft.h:490:9:MPU_Read_Len	24	static
../Core/Inc/mpu6050_soft.h:410:7:MPU_Get_Temperature	16	static
../Core/Inc/mpu6050_soft.h:424:9:MPU_Get_Gyroscope	24	static
../Core/Inc/mpu6050_soft.h:440:9:MPU_Get_Accelerometer	24	static
../Core/Inc/mpu6050_soft.h:519:9:MPU_Write_Byte	16	static
../Core/Inc/mpu6050_soft.h:367:9:MPU_Set_Gyro_Fsr	0	static
../Core/Inc/mpu6050_soft.h:375:9:MPU_Set_Accel_Fsr	0	static
../Core/Inc/mpu6050_soft.h:383:9:MPU_Set_LPF	0	static
../Core/Inc/mpu6050_soft.h:398:9:MPU_Set_Rate	8	static
../Core/Inc/mpu6050_soft.h:542:9:MPU_Read_Byte	8	static
../Core/Inc/mpu6050_soft.h:326:9:MPU_Init	8	static
../Core/Src/main.c:227:6:SystemClock_Config	96	static,ignoring_inline_asm
../Core/Src/main.c:90:5:main	144	static
../Core/Src/main.c:380:6:Error_Handler	0	static,ignoring_inline_asm
