running egg_info
creating ../../build/shm_pytorch_processor_pkg/shm_pytorch_processor_pkg.egg-info
writing ../../build/shm_pytorch_processor_pkg/shm_pytorch_processor_pkg.egg-info/PKG-INFO
writing dependency_links to ../../build/shm_pytorch_processor_pkg/shm_pytorch_processor_pkg.egg-info/dependency_links.txt
writing entry points to ../../build/shm_pytorch_processor_pkg/shm_pytorch_processor_pkg.egg-info/entry_points.txt
writing requirements to ../../build/shm_pytorch_processor_pkg/shm_pytorch_processor_pkg.egg-info/requires.txt
writing top-level names to ../../build/shm_pytorch_processor_pkg/shm_pytorch_processor_pkg.egg-info/top_level.txt
writing manifest file '../../build/shm_pytorch_processor_pkg/shm_pytorch_processor_pkg.egg-info/SOURCES.txt'
reading manifest file '../../build/shm_pytorch_processor_pkg/shm_pytorch_processor_pkg.egg-info/SOURCES.txt'
writing manifest file '../../build/shm_pytorch_processor_pkg/shm_pytorch_processor_pkg.egg-info/SOURCES.txt'
running build
running build_py
creating /home/rm1/rm2026/transistor_rm2026_algorithm_visual_ws/build/shm_pytorch_processor_pkg/build
creating /home/rm1/rm2026/transistor_rm2026_algorithm_visual_ws/build/shm_pytorch_processor_pkg/build/lib
creating /home/rm1/rm2026/transistor_rm2026_algorithm_visual_ws/build/shm_pytorch_processor_pkg/build/lib/shm_pytorch_processor_pkg
copying shm_pytorch_processor_pkg/__init__.py -> /home/rm1/rm2026/transistor_rm2026_algorithm_visual_ws/build/shm_pytorch_processor_pkg/build/lib/shm_pytorch_processor_pkg
copying shm_pytorch_processor_pkg/shm_pytorch_processor_node.py -> /home/rm1/rm2026/transistor_rm2026_algorithm_visual_ws/build/shm_pytorch_processor_pkg/build/lib/shm_pytorch_processor_pkg
running install
running install_lib
creating /home/rm1/rm2026/transistor_rm2026_algorithm_visual_ws/install/shm_pytorch_processor_pkg/lib/python3.10/site-packages/shm_pytorch_processor_pkg
copying /home/rm1/rm2026/transistor_rm2026_algorithm_visual_ws/build/shm_pytorch_processor_pkg/build/lib/shm_pytorch_processor_pkg/__init__.py -> /home/rm1/rm2026/transistor_rm2026_algorithm_visual_ws/install/shm_pytorch_processor_pkg/lib/python3.10/site-packages/shm_pytorch_processor_pkg
copying /home/rm1/rm2026/transistor_rm2026_algorithm_visual_ws/build/shm_pytorch_processor_pkg/build/lib/shm_pytorch_processor_pkg/shm_pytorch_processor_node.py -> /home/rm1/rm2026/transistor_rm2026_algorithm_visual_ws/install/shm_pytorch_processor_pkg/lib/python3.10/site-packages/shm_pytorch_processor_pkg
byte-compiling /home/rm1/rm2026/transistor_rm2026_algorithm_visual_ws/install/shm_pytorch_processor_pkg/lib/python3.10/site-packages/shm_pytorch_processor_pkg/__init__.py to __init__.cpython-310.pyc
byte-compiling /home/rm1/rm2026/transistor_rm2026_algorithm_visual_ws/install/shm_pytorch_processor_pkg/lib/python3.10/site-packages/shm_pytorch_processor_pkg/shm_pytorch_processor_node.py to shm_pytorch_processor_node.cpython-310.pyc
running install_data
creating /home/rm1/rm2026/transistor_rm2026_algorithm_visual_ws/install/shm_pytorch_processor_pkg/share/ament_index
creating /home/rm1/rm2026/transistor_rm2026_algorithm_visual_ws/install/shm_pytorch_processor_pkg/share/ament_index/resource_index
creating /home/rm1/rm2026/transistor_rm2026_algorithm_visual_ws/install/shm_pytorch_processor_pkg/share/ament_index/resource_index/packages
copying resource/shm_pytorch_processor_pkg -> /home/rm1/rm2026/transistor_rm2026_algorithm_visual_ws/install/shm_pytorch_processor_pkg/share/ament_index/resource_index/packages
copying package.xml -> /home/rm1/rm2026/transistor_rm2026_algorithm_visual_ws/install/shm_pytorch_processor_pkg/share/shm_pytorch_processor_pkg
running install_egg_info
Copying ../../build/shm_pytorch_processor_pkg/shm_pytorch_processor_pkg.egg-info to /home/rm1/rm2026/transistor_rm2026_algorithm_visual_ws/install/shm_pytorch_processor_pkg/lib/python3.10/site-packages/shm_pytorch_processor_pkg-0.0.0-py3.10.egg-info
running install_scripts
Installing shm_pytorch_processor_node script to /home/rm1/rm2026/transistor_rm2026_algorithm_visual_ws/install/shm_pytorch_processor_pkg/lib/shm_pytorch_processor_pkg
writing list of installed files to '/home/rm1/rm2026/transistor_rm2026_algorithm_visual_ws/build/shm_pytorch_processor_pkg/install.log'
