[0.010s] Invoking command in '/home/rm1/rm2026/transistor_rm2026_algorithm_visual_ws/build/auto_aim': CMAKE_PREFIX_PATH=${CMAKE_PREFIX_PATH}:/home/rm1/rm2026/transistor_rm2026_algorithm_visual_ws/install/shm_pytorch_processor_pkg:/opt/ros/humble /usr/bin/cmake --build /home/rm1/rm2026/transistor_rm2026_algorithm_visual_ws/build/auto_aim -- -j20 -l20
[0.050s] [35m[1mConsolidate compiler generated dependencies of target armor_detector[0m
[0.083s] [ 90%] Built target armor_detector
[0.116s] [ 95%] [32mBuilding CXX object CMakeFiles/armor_detect_node.dir/src/nodes/ArmorDetect_Node.cpp.o[0m
[4.880s] [100%] [32m[1mLinking CXX executable armor_detect_node[0m
[7.165s] /usr/bin/ld: warning: libtbb.so.2, needed by /usr/lib/x86_64-linux-gnu/libopencv_core.so.4.5.4d, may conflict with libtbb.so.12
[7.455s] [100%] Built target armor_detect_node
[7.464s] Invoked command in '/home/rm1/rm2026/transistor_rm2026_algorithm_visual_ws/build/auto_aim' returned '0': CMAKE_PREFIX_PATH=${CMAKE_PREFIX_PATH}:/home/rm1/rm2026/transistor_rm2026_algorithm_visual_ws/install/shm_pytorch_processor_pkg:/opt/ros/humble /usr/bin/cmake --build /home/rm1/rm2026/transistor_rm2026_algorithm_visual_ws/build/auto_aim -- -j20 -l20
[7.469s] Invoking command in '/home/rm1/rm2026/transistor_rm2026_algorithm_visual_ws/build/auto_aim': CMAKE_PREFIX_PATH=${CMAKE_PREFIX_PATH}:/home/rm1/rm2026/transistor_rm2026_algorithm_visual_ws/install/shm_pytorch_processor_pkg:/opt/ros/humble /usr/bin/cmake --install /home/rm1/rm2026/transistor_rm2026_algorithm_visual_ws/build/auto_aim
[7.474s] -- Install configuration: "Release"
[7.474s] -- Installing: /home/rm1/rm2026/transistor_rm2026_algorithm_visual_ws/install/auto_aim/lib/auto_aim/armor_detect_node
[7.474s] -- Up-to-date: /home/rm1/rm2026/transistor_rm2026_algorithm_visual_ws/install/auto_aim/lib/libarmor_detector.so
[7.474s] -- Up-to-date: /home/rm1/rm2026/transistor_rm2026_algorithm_visual_ws/install/auto_aim/share/auto_aim/launch
[7.474s] -- Up-to-date: /home/rm1/rm2026/transistor_rm2026_algorithm_visual_ws/install/auto_aim/share/auto_aim/launch/auto_aim_launch.py
[7.474s] -- Up-to-date: /home/rm1/rm2026/transistor_rm2026_algorithm_visual_ws/install/auto_aim/share/ament_index/resource_index/package_run_dependencies/auto_aim
[7.474s] -- Up-to-date: /home/rm1/rm2026/transistor_rm2026_algorithm_visual_ws/install/auto_aim/share/ament_index/resource_index/parent_prefix_path/auto_aim
[7.474s] -- Up-to-date: /home/rm1/rm2026/transistor_rm2026_algorithm_visual_ws/install/auto_aim/share/auto_aim/environment/ament_prefix_path.sh
[7.474s] -- Up-to-date: /home/rm1/rm2026/transistor_rm2026_algorithm_visual_ws/install/auto_aim/share/auto_aim/environment/ament_prefix_path.dsv
[7.474s] -- Up-to-date: /home/rm1/rm2026/transistor_rm2026_algorithm_visual_ws/install/auto_aim/share/auto_aim/environment/path.sh
[7.474s] -- Up-to-date: /home/rm1/rm2026/transistor_rm2026_algorithm_visual_ws/install/auto_aim/share/auto_aim/environment/path.dsv
[7.474s] -- Up-to-date: /home/rm1/rm2026/transistor_rm2026_algorithm_visual_ws/install/auto_aim/share/auto_aim/local_setup.bash
[7.474s] -- Up-to-date: /home/rm1/rm2026/transistor_rm2026_algorithm_visual_ws/install/auto_aim/share/auto_aim/local_setup.sh
[7.474s] -- Up-to-date: /home/rm1/rm2026/transistor_rm2026_algorithm_visual_ws/install/auto_aim/share/auto_aim/local_setup.zsh
[7.474s] -- Up-to-date: /home/rm1/rm2026/transistor_rm2026_algorithm_visual_ws/install/auto_aim/share/auto_aim/local_setup.dsv
[7.475s] -- Installing: /home/rm1/rm2026/transistor_rm2026_algorithm_visual_ws/install/auto_aim/share/auto_aim/package.dsv
[7.475s] -- Up-to-date: /home/rm1/rm2026/transistor_rm2026_algorithm_visual_ws/install/auto_aim/share/ament_index/resource_index/packages/auto_aim
[7.475s] -- Up-to-date: /home/rm1/rm2026/transistor_rm2026_algorithm_visual_ws/install/auto_aim/share/auto_aim/cmake/auto_aimConfig.cmake
[7.475s] -- Up-to-date: /home/rm1/rm2026/transistor_rm2026_algorithm_visual_ws/install/auto_aim/share/auto_aim/cmake/auto_aimConfig-version.cmake
[7.475s] -- Up-to-date: /home/rm1/rm2026/transistor_rm2026_algorithm_visual_ws/install/auto_aim/share/auto_aim/package.xml
[7.476s] Invoked command in '/home/rm1/rm2026/transistor_rm2026_algorithm_visual_ws/build/auto_aim' returned '0': CMAKE_PREFIX_PATH=${CMAKE_PREFIX_PATH}:/home/rm1/rm2026/transistor_rm2026_algorithm_visual_ws/install/shm_pytorch_processor_pkg:/opt/ros/humble /usr/bin/cmake --install /home/rm1/rm2026/transistor_rm2026_algorithm_visual_ws/build/auto_aim
