[0.010s] Invoking command in '/home/rm1/rm2026/transistor_rm2026_algorithm_visual_ws/build/auto_aim': CMAKE_PREFIX_PATH=${CMAKE_PREFIX_PATH}:/home/rm1/rm2026/transistor_rm2026_algorithm_visual_ws/install/shm_pytorch_processor_pkg:/opt/ros/humble /usr/bin/cmake --build /home/rm1/rm2026/transistor_rm2026_algorithm_visual_ws/build/auto_aim -- -j20 -l20
[0.068s] [  4%] [32mBuilding CXX object CMakeFiles/armor_detector.dir/src/armor_detector/ArmorClassifier.cpp.o[0m
[3.511s] [  9%] [32m[1mLinking CXX shared library libarmor_detector.so[0m
[3.736s] lto-wrapper: warning: using serial compilation of 5 LTRANS jobs
[6.846s] [ 90%] Built target armor_detector
[6.859s] [35m[1mConsolidate compiler generated dependencies of target armor_detect_node[0m
[6.879s] [ 95%] [32m[1mLinking CXX executable armor_detect_node[0m
[9.202s] /usr/bin/ld: warning: libtbb.so.2, needed by /usr/lib/x86_64-linux-gnu/libopencv_core.so.4.5.4d, may conflict with libtbb.so.12
[9.499s] [100%] Built target armor_detect_node
[9.507s] Invoked command in '/home/rm1/rm2026/transistor_rm2026_algorithm_visual_ws/build/auto_aim' returned '0': CMAKE_PREFIX_PATH=${CMAKE_PREFIX_PATH}:/home/rm1/rm2026/transistor_rm2026_algorithm_visual_ws/install/shm_pytorch_processor_pkg:/opt/ros/humble /usr/bin/cmake --build /home/rm1/rm2026/transistor_rm2026_algorithm_visual_ws/build/auto_aim -- -j20 -l20
[9.514s] Invoking command in '/home/rm1/rm2026/transistor_rm2026_algorithm_visual_ws/build/auto_aim': CMAKE_PREFIX_PATH=${CMAKE_PREFIX_PATH}:/home/rm1/rm2026/transistor_rm2026_algorithm_visual_ws/install/shm_pytorch_processor_pkg:/opt/ros/humble /usr/bin/cmake --install /home/rm1/rm2026/transistor_rm2026_algorithm_visual_ws/build/auto_aim
[9.518s] -- Install configuration: "Release"
[9.518s] -- Installing: /home/rm1/rm2026/transistor_rm2026_algorithm_visual_ws/install/auto_aim/lib/auto_aim/armor_detect_node
[9.518s] -- Installing: /home/rm1/rm2026/transistor_rm2026_algorithm_visual_ws/install/auto_aim/lib/libarmor_detector.so
[9.518s] -- Up-to-date: /home/rm1/rm2026/transistor_rm2026_algorithm_visual_ws/install/auto_aim/share/auto_aim/launch
[9.518s] -- Up-to-date: /home/rm1/rm2026/transistor_rm2026_algorithm_visual_ws/install/auto_aim/share/auto_aim/launch/auto_aim_launch.py
[9.518s] -- Up-to-date: /home/rm1/rm2026/transistor_rm2026_algorithm_visual_ws/install/auto_aim/share/ament_index/resource_index/package_run_dependencies/auto_aim
[9.518s] -- Up-to-date: /home/rm1/rm2026/transistor_rm2026_algorithm_visual_ws/install/auto_aim/share/ament_index/resource_index/parent_prefix_path/auto_aim
[9.518s] -- Up-to-date: /home/rm1/rm2026/transistor_rm2026_algorithm_visual_ws/install/auto_aim/share/auto_aim/environment/ament_prefix_path.sh
[9.518s] -- Up-to-date: /home/rm1/rm2026/transistor_rm2026_algorithm_visual_ws/install/auto_aim/share/auto_aim/environment/ament_prefix_path.dsv
[9.518s] -- Up-to-date: /home/rm1/rm2026/transistor_rm2026_algorithm_visual_ws/install/auto_aim/share/auto_aim/environment/path.sh
[9.518s] -- Up-to-date: /home/rm1/rm2026/transistor_rm2026_algorithm_visual_ws/install/auto_aim/share/auto_aim/environment/path.dsv
[9.518s] -- Up-to-date: /home/rm1/rm2026/transistor_rm2026_algorithm_visual_ws/install/auto_aim/share/auto_aim/local_setup.bash
[9.518s] -- Up-to-date: /home/rm1/rm2026/transistor_rm2026_algorithm_visual_ws/install/auto_aim/share/auto_aim/local_setup.sh
[9.518s] -- Up-to-date: /home/rm1/rm2026/transistor_rm2026_algorithm_visual_ws/install/auto_aim/share/auto_aim/local_setup.zsh
[9.518s] -- Up-to-date: /home/rm1/rm2026/transistor_rm2026_algorithm_visual_ws/install/auto_aim/share/auto_aim/local_setup.dsv
[9.518s] -- Installing: /home/rm1/rm2026/transistor_rm2026_algorithm_visual_ws/install/auto_aim/share/auto_aim/package.dsv
[9.518s] -- Up-to-date: /home/rm1/rm2026/transistor_rm2026_algorithm_visual_ws/install/auto_aim/share/ament_index/resource_index/packages/auto_aim
[9.519s] -- Up-to-date: /home/rm1/rm2026/transistor_rm2026_algorithm_visual_ws/install/auto_aim/share/auto_aim/cmake/auto_aimConfig.cmake
[9.519s] -- Up-to-date: /home/rm1/rm2026/transistor_rm2026_algorithm_visual_ws/install/auto_aim/share/auto_aim/cmake/auto_aimConfig-version.cmake
[9.519s] -- Up-to-date: /home/rm1/rm2026/transistor_rm2026_algorithm_visual_ws/install/auto_aim/share/auto_aim/package.xml
[9.520s] Invoked command in '/home/rm1/rm2026/transistor_rm2026_algorithm_visual_ws/build/auto_aim' returned '0': CMAKE_PREFIX_PATH=${CMAKE_PREFIX_PATH}:/home/rm1/rm2026/transistor_rm2026_algorithm_visual_ws/install/shm_pytorch_processor_pkg:/opt/ros/humble /usr/bin/cmake --install /home/rm1/rm2026/transistor_rm2026_algorithm_visual_ws/build/auto_aim
