[0.007s] Invoking command in '/home/rm1/rm2026/transistor_rm2026_algorithm_visual_ws/build/auto_aim': CMAKE_PREFIX_PATH=/opt/ros/humble /usr/bin/cmake /home/rm1/rm2026/transistor_rm2026_algorithm_visual_ws/src/auto_aim -DCMAKE_INSTALL_PREFIX=/home/rm1/rm2026/transistor_rm2026_algorithm_visual_ws/install/auto_aim
[0.047s] -- The C compiler identification is GNU 11.4.0
[0.084s] -- The CXX compiler identification is GNU 11.4.0
[0.088s] -- Detecting C compiler ABI info
[0.137s] -- Detecting C compiler ABI info - done
[0.142s] -- Check for working C compiler: /usr/bin/cc - skipped
[0.143s] -- Detecting C compile features
[0.143s] -- Detecting C compile features - done
[0.145s] -- Detecting CXX compiler ABI info
[0.196s] -- Detecting CXX compiler ABI info - done
[0.200s] -- Check for working CXX compiler: /usr/bin/c++ - skipped
[0.200s] -- Detecting CXX compile features
[0.200s] -- Detecting CXX compile features - done
[0.202s] -- Found ament_cmake: 1.3.12 (/opt/ros/humble/share/ament_cmake/cmake)
[0.299s] -- Found Python3: /usr/bin/python3 (found version "3.10.12") found components: Interpreter 
[0.351s] -- Found rclcpp: 16.0.14 (/opt/ros/humble/share/rclcpp/cmake)
[0.372s] -- Found rosidl_generator_c: 3.1.7 (/opt/ros/humble/share/rosidl_generator_c/cmake)
[0.374s] -- Found rosidl_adapter: 3.1.7 (/opt/ros/humble/share/rosidl_adapter/cmake)
[0.379s] -- Found rosidl_generator_cpp: 3.1.7 (/opt/ros/humble/share/rosidl_generator_cpp/cmake)
[0.385s] -- Using all available rosidl_typesupport_c: rosidl_typesupport_fastrtps_c;rosidl_typesupport_introspection_c
[0.393s] -- Using all available rosidl_typesupport_cpp: rosidl_typesupport_fastrtps_cpp;rosidl_typesupport_introspection_cpp
[0.416s] -- Found rmw_implementation_cmake: 6.1.2 (/opt/ros/humble/share/rmw_implementation_cmake/cmake)
[0.418s] -- Found rmw_fastrtps_cpp: 6.2.8 (/opt/ros/humble/share/rmw_fastrtps_cpp/cmake)
[0.475s] -- Found OpenSSL: /usr/lib/x86_64-linux-gnu/libcrypto.so (found version "3.0.2")  
[0.491s] -- Found FastRTPS: /opt/ros/humble/include  
[0.514s] -- Using RMW implementation 'rmw_fastrtps_cpp' as default
[0.518s] -- Looking for pthread.h
[0.565s] -- Looking for pthread.h - found
[0.565s] -- Performing Test CMAKE_HAVE_LIBC_PTHREAD
[0.608s] -- Performing Test CMAKE_HAVE_LIBC_PTHREAD - Success
[0.609s] -- Found Threads: TRUE  
[0.636s] -- Found cv_bridge: 3.2.1 (/opt/ros/humble/share/cv_bridge/cmake)
[0.661s] -- Found OpenCV: /usr (found version "4.5.4") 
[0.666s] -- Found rosidl_default_generators: 1.2.0 (/opt/ros/humble/share/rosidl_default_generators/cmake)
[0.672s] -- Found angles: 1.15.0 (/opt/ros/humble/share/angles/cmake)
[0.709s] -- Configuring done
[0.751s] -- Generating done
[0.757s] -- Build files have been written to: /home/rm1/rm2026/transistor_rm2026_algorithm_visual_ws/build/auto_aim
[0.763s] Invoked command in '/home/rm1/rm2026/transistor_rm2026_algorithm_visual_ws/build/auto_aim' returned '0': CMAKE_PREFIX_PATH=/opt/ros/humble /usr/bin/cmake /home/rm1/rm2026/transistor_rm2026_algorithm_visual_ws/src/auto_aim -DCMAKE_INSTALL_PREFIX=/home/rm1/rm2026/transistor_rm2026_algorithm_visual_ws/install/auto_aim
[0.766s] Invoking command in '/home/rm1/rm2026/transistor_rm2026_algorithm_visual_ws/build/auto_aim': CMAKE_PREFIX_PATH=/opt/ros/humble /usr/bin/cmake --build /home/rm1/rm2026/transistor_rm2026_algorithm_visual_ws/build/auto_aim -- -j20 -l20
[0.805s] [  4%] [32mBuilding CXX object CMakeFiles/armor_detector.dir/src/armor_detector/LightBarDetector.cpp.o[0m
[0.805s] [ 13%] [32mBuilding CXX object CMakeFiles/armor_detector.dir/src/armor_detector/ArmorSolver.cpp.o[0m
[0.805s] [ 13%] [32mBuilding CXX object CMakeFiles/armor_detector.dir/src/armor_detector/ArmorTracker.cpp.o[0m
[0.806s] [ 22%] [32mBuilding CXX object CMakeFiles/armor_detector.dir/src/camera/cameraConnect.cpp.o[0m
[0.806s] [ 22%] [32mBuilding CXX object CMakeFiles/armor_detector.dir/src/armor_detector/Armor.cpp.o[0m
[0.806s] [ 27%] [32mBuilding CXX object CMakeFiles/armor_detector.dir/src/armor_detector/ArmorDetector.cpp.o[0m
[0.806s] [ 36%] [32mBuilding CXX object CMakeFiles/armor_detector.dir/src/armor_detector/ArmorClassifier.cpp.o[0m
[0.806s] [ 36%] [32mBuilding CXX object CMakeFiles/armor_detector.dir/src/test_codes/VideoInput.cpp.o[0m
[0.806s] [ 40%] [32mBuilding CXX object CMakeFiles/armor_detector.dir/src/test_codes/ImagesInput.cpp.o[0m
[0.806s] [ 45%] [32mBuilding CXX object CMakeFiles/armor_detector.dir/src/test_codes/PredictionTrans.cpp.o[0m
[0.806s] [ 50%] [32mBuilding CXX object CMakeFiles/armor_detector.dir/src/armor_detector/ArmorAngleKalman.cpp.o[0m
[0.806s] [ 59%] [32mBuilding CXX object CMakeFiles/armor_detector.dir/src/armor_detector/BallisticSolver.cpp.o[0m
[0.806s] [ 59%] [32mBuilding CXX object CMakeFiles/armor_detector.dir/src/utils/FrameRateCounter.cpp.o[0m
[0.807s] [ 63%] [32mBuilding CXX object CMakeFiles/armor_detector.dir/src/utils/Com.cpp.o[0m
[0.809s] [ 72%] [32mBuilding CXX object CMakeFiles/armor_detector.dir/src/armor_detector/Tracker.cpp.o[0m
[0.809s] [ 77%] [32mBuilding CXX object CMakeFiles/armor_detector.dir/src/test_codes/PositionPredictor.cpp.o[0m
[0.809s] [ 77%] [32mBuilding CXX object CMakeFiles/armor_detector.dir/src/utils/SharedMemoryTorch.cpp.o[0m
[0.809s] [ 81%] [32mBuilding CXX object CMakeFiles/armor_detector.dir/src/utils/CRC.cpp.o[0m
[0.809s] [ 86%] [32mBuilding CXX object CMakeFiles/armor_detector.dir/src/utils/UnwarpUtils.cpp.o[0m
[8.459s] [ 90%] [32m[1mLinking CXX shared library libarmor_detector.so[0m
[8.664s] lto-wrapper: warning: using serial compilation of 5 LTRANS jobs
[11.486s] [ 90%] Built target armor_detector
[11.504s] [ 95%] [32mBuilding CXX object CMakeFiles/armor_detect_node.dir/src/nodes/ArmorDetect_Node.cpp.o[0m
[15.849s] [100%] [32m[1mLinking CXX executable armor_detect_node[0m
[17.965s] /usr/bin/ld: warning: libtbb.so.2, needed by /usr/lib/x86_64-linux-gnu/libopencv_core.so.4.5.4d, may conflict with libtbb.so.12
[18.250s] [100%] Built target armor_detect_node
[18.259s] Invoked command in '/home/rm1/rm2026/transistor_rm2026_algorithm_visual_ws/build/auto_aim' returned '0': CMAKE_PREFIX_PATH=/opt/ros/humble /usr/bin/cmake --build /home/rm1/rm2026/transistor_rm2026_algorithm_visual_ws/build/auto_aim -- -j20 -l20
[18.265s] Invoking command in '/home/rm1/rm2026/transistor_rm2026_algorithm_visual_ws/build/auto_aim': CMAKE_PREFIX_PATH=/opt/ros/humble /usr/bin/cmake --install /home/rm1/rm2026/transistor_rm2026_algorithm_visual_ws/build/auto_aim
[18.270s] -- Install configuration: "Release"
[18.270s] -- Installing: /home/rm1/rm2026/transistor_rm2026_algorithm_visual_ws/install/auto_aim/lib/auto_aim/armor_detect_node
[18.270s] -- Installing: /home/rm1/rm2026/transistor_rm2026_algorithm_visual_ws/install/auto_aim/lib/libarmor_detector.so
[18.270s] -- Installing: /home/rm1/rm2026/transistor_rm2026_algorithm_visual_ws/install/auto_aim/share/auto_aim/launch
[18.270s] -- Installing: /home/rm1/rm2026/transistor_rm2026_algorithm_visual_ws/install/auto_aim/share/auto_aim/launch/auto_aim_launch.py
[18.270s] -- Installing: /home/rm1/rm2026/transistor_rm2026_algorithm_visual_ws/install/auto_aim/share/ament_index/resource_index/package_run_dependencies/auto_aim
[18.271s] -- Installing: /home/rm1/rm2026/transistor_rm2026_algorithm_visual_ws/install/auto_aim/share/ament_index/resource_index/parent_prefix_path/auto_aim
[18.271s] -- Installing: /home/rm1/rm2026/transistor_rm2026_algorithm_visual_ws/install/auto_aim/share/auto_aim/environment/ament_prefix_path.sh
[18.271s] -- Installing: /home/rm1/rm2026/transistor_rm2026_algorithm_visual_ws/install/auto_aim/share/auto_aim/environment/ament_prefix_path.dsv
[18.271s] -- Installing: /home/rm1/rm2026/transistor_rm2026_algorithm_visual_ws/install/auto_aim/share/auto_aim/environment/path.sh
[18.271s] -- Installing: /home/rm1/rm2026/transistor_rm2026_algorithm_visual_ws/install/auto_aim/share/auto_aim/environment/path.dsv
[18.271s] -- Installing: /home/rm1/rm2026/transistor_rm2026_algorithm_visual_ws/install/auto_aim/share/auto_aim/local_setup.bash
[18.271s] -- Installing: /home/rm1/rm2026/transistor_rm2026_algorithm_visual_ws/install/auto_aim/share/auto_aim/local_setup.sh
[18.271s] -- Installing: /home/rm1/rm2026/transistor_rm2026_algorithm_visual_ws/install/auto_aim/share/auto_aim/local_setup.zsh
[18.271s] -- Installing: /home/rm1/rm2026/transistor_rm2026_algorithm_visual_ws/install/auto_aim/share/auto_aim/local_setup.dsv
[18.271s] -- Installing: /home/rm1/rm2026/transistor_rm2026_algorithm_visual_ws/install/auto_aim/share/auto_aim/package.dsv
[18.271s] -- Installing: /home/rm1/rm2026/transistor_rm2026_algorithm_visual_ws/install/auto_aim/share/ament_index/resource_index/packages/auto_aim
[18.271s] -- Installing: /home/rm1/rm2026/transistor_rm2026_algorithm_visual_ws/install/auto_aim/share/auto_aim/cmake/auto_aimConfig.cmake
[18.271s] -- Installing: /home/rm1/rm2026/transistor_rm2026_algorithm_visual_ws/install/auto_aim/share/auto_aim/cmake/auto_aimConfig-version.cmake
[18.271s] -- Installing: /home/rm1/rm2026/transistor_rm2026_algorithm_visual_ws/install/auto_aim/share/auto_aim/package.xml
[18.272s] Invoked command in '/home/rm1/rm2026/transistor_rm2026_algorithm_visual_ws/build/auto_aim' returned '0': CMAKE_PREFIX_PATH=/opt/ros/humble /usr/bin/cmake --install /home/rm1/rm2026/transistor_rm2026_algorithm_visual_ws/build/auto_aim
